#-----------------------------------------------------------
# Vivado v2018.2 (64-bit)
# SW Build 2258646 on Thu Jun 14 20:03:12 MDT 2018
# IP Build 2256618 on Thu Jun 14 22:10:49 MDT 2018
# Start of session at: Mon Jul 11 18:19:50 2022
# Process ID: 14108
# Current directory: D:/Uni Lecturer Notes/Second Semester/Computer Organization and Digital Design/00.Projects/NanoProcessor/11.Nano_Processor/Nano_Processor
# Command line: vivado.exe -gui_launcher_event rodinguilauncherevent22100 D:\Uni Lecturer Notes\Second Semester\Computer Organization and Digital Design\00.Projects\NanoProcessor\11.Nano_Processor\Nano_Processor\Nano_Processor.xpr
# Log file: D:/Uni Lecturer Notes/Second Semester/Computer Organization and Digital Design/00.Projects/NanoProcessor/11.Nano_Processor/Nano_Processor/vivado.log
# Journal file: D:/Uni Lecturer Notes/Second Semester/Computer Organization and Digital Design/00.Projects/NanoProcessor/11.Nano_Processor/Nano_Processor\vivado.jou
#-----------------------------------------------------------
start_gui
open_project {D:/Uni Lecturer Notes/Second Semester/Computer Organization and Digital Design/00.Projects/NanoProcessor/11.Nano_Processor/Nano_Processor/Nano_Processor.xpr}
update_compile_order -fileset sources_1
reset_run synth_1
launch_runs synth_1 -jobs 4
wait_on_run synth_1
reset_run synth_1
launch_runs synth_1 -jobs 4
wait_on_run synth_1
